// Vitest Snapshot v1, https://vitest.dev/guide/snapshot.html

exports[`Social > Should Render Social 1`] = `
<body>
  <div>
    <a
      class="_social_6af9cd"
      href="https://dvoracek.dev/test"
      title="My Test Social"
    >
      <svg
        fill="currentColor"
        height="1em"
        stroke="currentColor"
        stroke-width="0"
        viewBox="0 0 16 16"
        width="1em"
        xmlns="http://www.w3.org/2000/svg"
      >
        <path
          d="M.05 3.555A2 2 0 0 1 2 2h12a2 2 0 0 1 1.95 1.555L8 8.414.05 3.555ZM0 4.697v7.104l5.803-3.558L0 4.697ZM6.761 8.83l-6.57 4.027A2 2 0 0 0 2 14h12a2 2 0 0 0 1.808-1.144l-6.57-4.027L8 9.586l-1.239-.757Zm3.436-.586L16 11.801V4.697l-5.803 3.546Z"
        />
      </svg>
      <p>
        Test Username
      </p>
    </a>
  </div>
</body>
`;
