// Vitest Snapshot v1

exports[`ProfilePicture > Should Render ProfilePicture 1`] = `
<body>
  <div>
    <img
      alt="Portrait of Patrik Dvořáček"
      class="_profile-picture_641c96"
      src="/src/assets/Me.jpg"
    />
  </div>
</body>
`;
